---
source: crates/executor/src/tests/sql/ddl/merge_into.rs
description: "\"SELECT COUNT(*) as total_rows, COUNT(CASE WHEN description = 'updated row' THEN 1 END) as updated_rows, COUNT(CASE WHEN description = 'original row' THEN 1 END) as preserved_rows, COUNT(CASE WHEN description = 'new row' THEN 1 END) as inserted_rows FROM embucket.public.merge_target\""
info: "Setup queries: CREATE TABLE embucket.public.merge_target (id INTEGER, description VARCHAR); CREATE TABLE embucket.public.merge_source (id INTEGER, description VARCHAR); INSERT INTO embucket.public.merge_target VALUES (1, 'original row'), (2, 'original row'), (3, 'original row'), (4, 'original row'), (5, 'original row'), (6, 'original row'), (7, 'original row'), (8, 'original row'), (9, 'original row'), (10, 'original row'); INSERT INTO embucket.public.merge_source VALUES (3, 'updated row'), (7, 'updated row'), (11, 'new row'), (12, 'new row'); MERGE INTO merge_target t USING merge_source s ON t.id = s.id WHEN MATCHED THEN UPDATE SET t.description = s.description WHEN NOT MATCHED THEN INSERT (id, description) VALUES (s.id, s.description)"
---
Ok(
    [
        "+------------+--------------+----------------+---------------+",
        "| total_rows | updated_rows | preserved_rows | inserted_rows |",
        "+------------+--------------+----------------+---------------+",
        "| 12         | 2            | 8              | 2             |",
        "+------------+--------------+----------------+---------------+",
    ],
)
