---
source: crates/executor/src/tests/sql/functions/timestamp/to_timestamp.rs
description: "\"SELECT TO_TIMESTAMP(CONVERT_TIMEZONE('UTC', '2024-12-31 10:00:00.000'::TIMESTAMP)) as model_tstamp;\""
---
Ok(
    [
        "+----------------------+",
        "| model_tstamp         |",
        "+----------------------+",
        "| 2024-12-31T10:00:00Z |",
        "+----------------------+",
    ],
)
