---
source: crates/executor/src/tests/sql/physical_optimizer/list_field_metadata.rs
description: "\"SELECT * FROM array\""
info: "Setup queries: CREATE TABLE array as (SELECT [1,2]::ARRAY)"
---
Ok(
    [
        "+------------------------------------+",
        "| array_construct(Int64(1),Int64(2)) |",
        "+------------------------------------+",
        "| [1, 2]                             |",
        "+------------------------------------+",
    ],
)
